------------------------------------------------------------
Timing Analyzer Summary
------------------------------------------------------------

Type  : Slow 1200mV 85C Model Setup 'clk'
Slack : -3.556
TNS   : -1515.294

Type  : Slow 1200mV 85C Model Setup 'clk_direct'
Slack : -2.212
TNS   : -283.136

Type  : Slow 1200mV 85C Model Hold 'clk'
Slack : 0.387
TNS   : 0.000

Type  : Slow 1200mV 85C Model Hold 'clk_direct'
Slack : 0.429
TNS   : 0.000

Type  : Slow 1200mV 85C Model Minimum Pulse Width 'clk'
Slack : -3.000
TNS   : -1430.646

Type  : Slow 1200mV 85C Model Minimum Pulse Width 'clk_direct'
Slack : -3.000
TNS   : -1389.526

Type  : Slow 1200mV 0C Model Setup 'clk'
Slack : -3.141
TNS   : -1342.178

Type  : Slow 1200mV 0C Model Setup 'clk_direct'
Slack : -1.904
TNS   : -243.712

Type  : Slow 1200mV 0C Model Hold 'clk'
Slack : 0.340
TNS   : 0.000

Type  : Slow 1200mV 0C Model Hold 'clk_direct'
Slack : 0.395
TNS   : 0.000

Type  : Slow 1200mV 0C Model Minimum Pulse Width 'clk'
Slack : -3.000
TNS   : -1408.118

Type  : Slow 1200mV 0C Model Minimum Pulse Width 'clk_direct'
Slack : -3.000
TNS   : -1366.998

Type  : Fast 1200mV 0C Model Setup 'clk'
Slack : -1.975
TNS   : -701.567

Type  : Fast 1200mV 0C Model Setup 'clk_direct'
Slack : -0.314
TNS   : -40.192

Type  : Fast 1200mV 0C Model Hold 'clk'
Slack : 0.169
TNS   : 0.000

Type  : Fast 1200mV 0C Model Hold 'clk_direct'
Slack : 0.188
TNS   : 0.000

Type  : Fast 1200mV 0C Model Minimum Pulse Width 'clk'
Slack : -3.000
TNS   : -620.990

Type  : Fast 1200mV 0C Model Minimum Pulse Width 'clk_direct'
Slack : -3.000
TNS   : -583.622

------------------------------------------------------------
