------------------------------------------------------------
Timing Analyzer Summary
------------------------------------------------------------

Type  : Slow 1200mV 85C Model Setup 'selMDR[0]'
Slack : -5.472
TNS   : -71.995

Type  : Slow 1200mV 85C Model Setup 'clk'
Slack : -3.539
TNS   : -1480.709

Type  : Slow 1200mV 85C Model Hold 'clk'
Slack : 0.385
TNS   : 0.000

Type  : Slow 1200mV 85C Model Hold 'selMDR[0]'
Slack : 0.755
TNS   : 0.000

Type  : Slow 1200mV 85C Model Minimum Pulse Width 'clk'
Slack : -3.000
TNS   : -1430.646

Type  : Slow 1200mV 85C Model Minimum Pulse Width 'selMDR[0]'
Slack : -3.000
TNS   : -3.000

Type  : Slow 1200mV 0C Model Setup 'selMDR[0]'
Slack : -5.147
TNS   : -67.069

Type  : Slow 1200mV 0C Model Setup 'clk'
Slack : -3.194
TNS   : -1312.086

Type  : Slow 1200mV 0C Model Hold 'clk'
Slack : 0.340
TNS   : 0.000

Type  : Slow 1200mV 0C Model Hold 'selMDR[0]'
Slack : 0.768
TNS   : 0.000

Type  : Slow 1200mV 0C Model Minimum Pulse Width 'clk'
Slack : -3.000
TNS   : -1408.118

Type  : Slow 1200mV 0C Model Minimum Pulse Width 'selMDR[0]'
Slack : -3.000
TNS   : -3.000

Type  : Fast 1200mV 0C Model Setup 'selMDR[0]'
Slack : -2.270
TNS   : -28.416

Type  : Fast 1200mV 0C Model Setup 'clk'
Slack : -1.924
TNS   : -680.353

Type  : Fast 1200mV 0C Model Hold 'clk'
Slack : 0.170
TNS   : 0.000

Type  : Fast 1200mV 0C Model Hold 'selMDR[0]'
Slack : 0.178
TNS   : 0.000

Type  : Fast 1200mV 0C Model Minimum Pulse Width 'clk'
Slack : -3.000
TNS   : -621.283

Type  : Fast 1200mV 0C Model Minimum Pulse Width 'selMDR[0]'
Slack : -3.000
TNS   : -3.000

------------------------------------------------------------
