------------------------------------------------------------
Timing Analyzer Summary
------------------------------------------------------------

Type  : Slow 1200mV 85C Model Setup 'clk'
Slack : -3.431
TNS   : -71.100

Type  : Slow 1200mV 85C Model Setup 'selPC[0]'
Slack : -2.509
TNS   : -37.767

Type  : Slow 1200mV 85C Model Hold 'clk'
Slack : 0.386
TNS   : 0.000

Type  : Slow 1200mV 85C Model Hold 'selPC[0]'
Slack : 0.657
TNS   : 0.000

Type  : Slow 1200mV 85C Model Minimum Pulse Width 'clk'
Slack : -3.000
TNS   : -44.120

Type  : Slow 1200mV 85C Model Minimum Pulse Width 'selPC[0]'
Slack : -3.000
TNS   : -3.000

Type  : Slow 1200mV 0C Model Setup 'clk'
Slack : -2.970
TNS   : -61.946

Type  : Slow 1200mV 0C Model Setup 'selPC[0]'
Slack : -2.315
TNS   : -34.829

Type  : Slow 1200mV 0C Model Hold 'clk'
Slack : 0.340
TNS   : 0.000

Type  : Slow 1200mV 0C Model Hold 'selPC[0]'
Slack : 0.659
TNS   : 0.000

Type  : Slow 1200mV 0C Model Minimum Pulse Width 'clk'
Slack : -3.000
TNS   : -44.120

Type  : Slow 1200mV 0C Model Minimum Pulse Width 'selPC[0]'
Slack : -3.000
TNS   : -3.000

Type  : Fast 1200mV 0C Model Setup 'clk'
Slack : -1.210
TNS   : -17.311

Type  : Fast 1200mV 0C Model Setup 'selPC[0]'
Slack : -1.123
TNS   : -16.089

Type  : Fast 1200mV 0C Model Hold 'selPC[0]'
Slack : 0.046
TNS   : 0.000

Type  : Fast 1200mV 0C Model Hold 'clk'
Slack : 0.170
TNS   : 0.000

Type  : Fast 1200mV 0C Model Minimum Pulse Width 'clk'
Slack : -3.000
TNS   : -38.063

Type  : Fast 1200mV 0C Model Minimum Pulse Width 'selPC[0]'
Slack : -3.000
TNS   : -3.000

------------------------------------------------------------
