------------------------------------------------------------
Timing Analyzer Summary
------------------------------------------------------------

Type  : Slow 1200mV 85C Model Setup 'clock_1hz:clk|out_1hz'
Slack : -8.463
TNS   : -3428.037

Type  : Slow 1200mV 85C Model Setup 'CLOCK_50'
Slack : -3.762
TNS   : -72.275

Type  : Slow 1200mV 85C Model Hold 'clock_1hz:clk|out_1hz'
Slack : 0.403
TNS   : 0.000

Type  : Slow 1200mV 85C Model Hold 'CLOCK_50'
Slack : 0.426
TNS   : 0.000

Type  : Slow 1200mV 85C Model Minimum Pulse Width 'CLOCK_50'
Slack : -3.000
TNS   : -37.695

Type  : Slow 1200mV 85C Model Minimum Pulse Width 'clock_1hz:clk|out_1hz'
Slack : -2.693
TNS   : -2413.889

Type  : Slow 1200mV 0C Model Setup 'clock_1hz:clk|out_1hz'
Slack : -7.702
TNS   : -3103.419

Type  : Slow 1200mV 0C Model Setup 'CLOCK_50'
Slack : -3.397
TNS   : -63.675

Type  : Slow 1200mV 0C Model Hold 'clock_1hz:clk|out_1hz'
Slack : 0.354
TNS   : 0.000

Type  : Slow 1200mV 0C Model Hold 'CLOCK_50'
Slack : 0.384
TNS   : 0.000

Type  : Slow 1200mV 0C Model Minimum Pulse Width 'CLOCK_50'
Slack : -3.000
TNS   : -37.695

Type  : Slow 1200mV 0C Model Minimum Pulse Width 'clock_1hz:clk|out_1hz'
Slack : -2.649
TNS   : -2380.097

Type  : Fast 1200mV 0C Model Setup 'clock_1hz:clk|out_1hz'
Slack : -3.833
TNS   : -1582.495

Type  : Fast 1200mV 0C Model Setup 'CLOCK_50'
Slack : -1.421
TNS   : -20.717

Type  : Fast 1200mV 0C Model Hold 'clock_1hz:clk|out_1hz'
Slack : 0.181
TNS   : 0.000

Type  : Fast 1200mV 0C Model Hold 'CLOCK_50'
Slack : 0.191
TNS   : 0.000

Type  : Fast 1200mV 0C Model Minimum Pulse Width 'CLOCK_50'
Slack : -3.000
TNS   : -37.908

Type  : Fast 1200mV 0C Model Minimum Pulse Width 'clock_1hz:clk|out_1hz'
Slack : -1.000
TNS   : -1037.000

------------------------------------------------------------
