EDA Netlist Writer report for LC3
Fri Feb 22 10:52:02 2019
Quartus Prime Version 18.1.0 Build 625 09/12/2018 SJ Lite Edition


---------------------
; Table of Contents ;
---------------------
  1. Legal Notice
  2. EDA Netlist Writer Summary
  3. EDA Netlist Writer Messages



----------------
; Legal Notice ;
----------------
Copyright (C) 2018  Intel Corporation. All rights reserved.
Your use of Intel Corporation's design tools, logic functions 
and other software and tools, and its AMPP partner logic 
functions, and any output files from any of the foregoing 
(including device programming or simulation files), and any 
associated documentation or information are expressly subject 
to the terms and conditions of the Intel Program License 
Subscription Agreement, the Intel Quartus Prime License Agreement,
the Intel FPGA IP License Agreement, or other applicable license
agreement, including, without limitation, that your use is for
the sole purpose of programming logic devices manufactured by
Intel and sold by Intel or its authorized distributors.  Please
refer to the applicable agreement for further details.



+-------------------------------------------------------------------+
; EDA Netlist Writer Summary                                        ;
+---------------------------+---------------------------------------+
; EDA Netlist Writer Status ; Successful - Fri Feb 22 10:52:02 2019 ;
; Revision Name             ; LC3                                   ;
; Top-level Entity Name     ; LC3                                   ;
; Family                    ; Cyclone IV E                          ;
+---------------------------+---------------------------------------+


+-----------------------------+
; EDA Netlist Writer Messages ;
+-----------------------------+
Info: *******************************************************************
Info: Running Quartus Prime EDA Netlist Writer
    Info: Version 18.1.0 Build 625 09/12/2018 SJ Lite Edition
    Info: Copyright (C) 2018  Intel Corporation. All rights reserved.
    Info: Your use of Intel Corporation's design tools, logic functions 
    Info: and other software and tools, and its AMPP partner logic 
    Info: functions, and any output files from any of the foregoing 
    Info: (including device programming or simulation files), and any 
    Info: associated documentation or information are expressly subject 
    Info: to the terms and conditions of the Intel Program License 
    Info: Subscription Agreement, the Intel Quartus Prime License Agreement,
    Info: the Intel FPGA IP License Agreement, or other applicable license
    Info: agreement, including, without limitation, that your use is for
    Info: the sole purpose of programming logic devices manufactured by
    Info: Intel and sold by Intel or its authorized distributors.  Please
    Info: refer to the applicable agreement for further details.
    Info: Processing started: Fri Feb 22 10:52:01 2019
Info: Command: quartus_eda --gen_testbench --tool=modelsim_oem --format=verilog --write_settings_files=off LC3 -c LC3 --vector_source="C:/Users/USER1/Digital Logic/LC-3/Waveform1.vwf" --testbench_file="C:/Users/USER1/Digital Logic/LC-3/simulation/modelsim/Waveform1.vwf.vt"
Warning (18236): Number of processors has not been specified which may cause overloading on shared machines.  Set the global assignment NUM_PARALLEL_PROCESSORS in your QSF to an appropriate value for best performance.
Warning (201005): Ignoring output pin "Bus" in vector source file when writing test bench files
Warning (201005): Ignoring output pin "Bus[15]" in vector source file when writing test bench files
Warning (201005): Ignoring output pin "Bus[14]" in vector source file when writing test bench files
Warning (201005): Ignoring output pin "Bus[13]" in vector source file when writing test bench files
Warning (201005): Ignoring output pin "Bus[12]" in vector source file when writing test bench files
Warning (201005): Ignoring output pin "Bus[11]" in vector source file when writing test bench files
Warning (201005): Ignoring output pin "Bus[10]" in vector source file when writing test bench files
Warning (201005): Ignoring output pin "Bus[9]" in vector source file when writing test bench files
Warning (201005): Ignoring output pin "Bus[8]" in vector source file when writing test bench files
Warning (201005): Ignoring output pin "Bus[7]" in vector source file when writing test bench files
Warning (201005): Ignoring output pin "Bus[6]" in vector source file when writing test bench files
Warning (201005): Ignoring output pin "Bus[5]" in vector source file when writing test bench files
Warning (201005): Ignoring output pin "Bus[4]" in vector source file when writing test bench files
Warning (201005): Ignoring output pin "Bus[3]" in vector source file when writing test bench files
Warning (201005): Ignoring output pin "Bus[2]" in vector source file when writing test bench files
Warning (201005): Ignoring output pin "Bus[1]" in vector source file when writing test bench files
Warning (201005): Ignoring output pin "Bus[0]" in vector source file when writing test bench files
Warning (201005): Ignoring output pin "current_state" in vector source file when writing test bench files
Warning (201005): Ignoring output pin "current_state[5]" in vector source file when writing test bench files
Warning (201005): Ignoring output pin "current_state[4]" in vector source file when writing test bench files
Warning (201005): Ignoring output pin "current_state[3]" in vector source file when writing test bench files
Warning (201005): Ignoring output pin "current_state[2]" in vector source file when writing test bench files
Warning (201005): Ignoring output pin "current_state[1]" in vector source file when writing test bench files
Warning (201005): Ignoring output pin "current_state[0]" in vector source file when writing test bench files
Warning (201005): Ignoring output pin "PC" in vector source file when writing test bench files
Warning (201005): Ignoring output pin "PC[15]" in vector source file when writing test bench files
Warning (201005): Ignoring output pin "PC[14]" in vector source file when writing test bench files
Warning (201005): Ignoring output pin "PC[13]" in vector source file when writing test bench files
Warning (201005): Ignoring output pin "PC[12]" in vector source file when writing test bench files
Warning (201005): Ignoring output pin "PC[11]" in vector source file when writing test bench files
Warning (201005): Ignoring output pin "PC[10]" in vector source file when writing test bench files
Warning (201005): Ignoring output pin "PC[9]" in vector source file when writing test bench files
Warning (201005): Ignoring output pin "PC[8]" in vector source file when writing test bench files
Warning (201005): Ignoring output pin "PC[7]" in vector source file when writing test bench files
Warning (201005): Ignoring output pin "PC[6]" in vector source file when writing test bench files
Warning (201005): Ignoring output pin "PC[5]" in vector source file when writing test bench files
Warning (201005): Ignoring output pin "PC[4]" in vector source file when writing test bench files
Warning (201005): Ignoring output pin "PC[3]" in vector source file when writing test bench files
Warning (201005): Ignoring output pin "PC[2]" in vector source file when writing test bench files
Warning (201005): Ignoring output pin "PC[1]" in vector source file when writing test bench files
Warning (201005): Ignoring output pin "PC[0]" in vector source file when writing test bench files
Warning (201005): Ignoring output pin "MARSpcIn" in vector source file when writing test bench files
Warning (201005): Ignoring output pin "MARSpcIn[15]" in vector source file when writing test bench files
Warning (201005): Ignoring output pin "MARSpcIn[14]" in vector source file when writing test bench files
Warning (201005): Ignoring output pin "MARSpcIn[13]" in vector source file when writing test bench files
Warning (201005): Ignoring output pin "MARSpcIn[12]" in vector source file when writing test bench files
Warning (201005): Ignoring output pin "MARSpcIn[11]" in vector source file when writing test bench files
Warning (201005): Ignoring output pin "MARSpcIn[10]" in vector source file when writing test bench files
Warning (201005): Ignoring output pin "MARSpcIn[9]" in vector source file when writing test bench files
Warning (201005): Ignoring output pin "MARSpcIn[8]" in vector source file when writing test bench files
Warning (201005): Ignoring output pin "MARSpcIn[7]" in vector source file when writing test bench files
Warning (201005): Ignoring output pin "MARSpcIn[6]" in vector source file when writing test bench files
Warning (201005): Ignoring output pin "MARSpcIn[5]" in vector source file when writing test bench files
Warning (201005): Ignoring output pin "MARSpcIn[4]" in vector source file when writing test bench files
Warning (201005): Ignoring output pin "MARSpcIn[3]" in vector source file when writing test bench files
Warning (201005): Ignoring output pin "MARSpcIn[2]" in vector source file when writing test bench files
Warning (201005): Ignoring output pin "MARSpcIn[1]" in vector source file when writing test bench files
Warning (201005): Ignoring output pin "MARSpcIn[0]" in vector source file when writing test bench files
Warning (201005): Ignoring output pin "MDRSpcIn" in vector source file when writing test bench files
Warning (201005): Ignoring output pin "MDRSpcIn[15]" in vector source file when writing test bench files
Warning (201005): Ignoring output pin "MDRSpcIn[14]" in vector source file when writing test bench files
Warning (201005): Ignoring output pin "MDRSpcIn[13]" in vector source file when writing test bench files
Warning (201005): Ignoring output pin "MDRSpcIn[12]" in vector source file when writing test bench files
Warning (201005): Ignoring output pin "MDRSpcIn[11]" in vector source file when writing test bench files
Warning (201005): Ignoring output pin "MDRSpcIn[10]" in vector source file when writing test bench files
Warning (201005): Ignoring output pin "MDRSpcIn[9]" in vector source file when writing test bench files
Warning (201005): Ignoring output pin "MDRSpcIn[8]" in vector source file when writing test bench files
Warning (201005): Ignoring output pin "MDRSpcIn[7]" in vector source file when writing test bench files
Warning (201005): Ignoring output pin "MDRSpcIn[6]" in vector source file when writing test bench files
Warning (201005): Ignoring output pin "MDRSpcIn[5]" in vector source file when writing test bench files
Warning (201005): Ignoring output pin "MDRSpcIn[4]" in vector source file when writing test bench files
Warning (201005): Ignoring output pin "MDRSpcIn[3]" in vector source file when writing test bench files
Warning (201005): Ignoring output pin "MDRSpcIn[2]" in vector source file when writing test bench files
Warning (201005): Ignoring output pin "MDRSpcIn[1]" in vector source file when writing test bench files
Warning (201005): Ignoring output pin "MDRSpcIn[0]" in vector source file when writing test bench files
Warning (201005): Ignoring output pin "memOut" in vector source file when writing test bench files
Warning (201005): Ignoring output pin "memOut[15]" in vector source file when writing test bench files
Warning (201005): Ignoring output pin "memOut[14]" in vector source file when writing test bench files
Warning (201005): Ignoring output pin "memOut[13]" in vector source file when writing test bench files
Warning (201005): Ignoring output pin "memOut[12]" in vector source file when writing test bench files
Warning (201005): Ignoring output pin "memOut[11]" in vector source file when writing test bench files
Warning (201005): Ignoring output pin "memOut[10]" in vector source file when writing test bench files
Warning (201005): Ignoring output pin "memOut[9]" in vector source file when writing test bench files
Warning (201005): Ignoring output pin "memOut[8]" in vector source file when writing test bench files
Warning (201005): Ignoring output pin "memOut[7]" in vector source file when writing test bench files
Warning (201005): Ignoring output pin "memOut[6]" in vector source file when writing test bench files
Warning (201005): Ignoring output pin "memOut[5]" in vector source file when writing test bench files
Warning (201005): Ignoring output pin "memOut[4]" in vector source file when writing test bench files
Warning (201005): Ignoring output pin "memOut[3]" in vector source file when writing test bench files
Warning (201005): Ignoring output pin "memOut[2]" in vector source file when writing test bench files
Warning (201005): Ignoring output pin "memOut[1]" in vector source file when writing test bench files
Warning (201005): Ignoring output pin "memOut[0]" in vector source file when writing test bench files
Warning (201007): Can't find port "RegisterFile:reg_file|Register:r0|d_flip_flop:ff_0|D" in design
Warning (201007): Can't find port "RegisterFile:reg_file|Register:r0|d_flip_flop:ff_1|D" in design
Warning (201007): Can't find port "RegisterFile:reg_file|Register:r0|d_flip_flop:ff_2|D" in design
Warning (201007): Can't find port "RegisterFile:reg_file|Register:r0|d_flip_flop:ff_3|D" in design
Warning (201007): Can't find port "RegisterFile:reg_file|Register:r0|d_flip_flop:ff_4|D" in design
Warning (201007): Can't find port "RegisterFile:reg_file|Register:r0|d_flip_flop:ff_5|D" in design
Warning (201007): Can't find port "RegisterFile:reg_file|Register:r0|d_flip_flop:ff_6|D" in design
Warning (201007): Can't find port "RegisterFile:reg_file|Register:r0|d_flip_flop:ff_7|D" in design
Warning (201007): Can't find port "RegisterFile:reg_file|Register:r0|d_flip_flop:ff_8|Q" in design
Warning (201007): Can't find port "RegisterFile:reg_file|Register:r0|d_flip_flop:ff_9|D" in design
Warning (201007): Can't find port "RegisterFile:reg_file|Register:r0|d_flip_flop:ff_10|D" in design
Warning (201007): Can't find port "RegisterFile:reg_file|Register:r0|d_flip_flop:ff_11|D" in design
Warning (201007): Can't find port "RegisterFile:reg_file|Register:r0|d_flip_flop:ff_12|D" in design
Warning (201007): Can't find port "RegisterFile:reg_file|Register:r0|d_flip_flop:ff_13|D" in design
Warning (201007): Can't find port "RegisterFile:reg_file|Register:r0|d_flip_flop:ff_14|D" in design
Warning (201007): Can't find port "RegisterFile:reg_file|Register:r0|d_flip_flop:ff_15|D" in design
Warning (201007): Can't find port "RegisterFile:reg_file|Register:r0|d_flip_flop:ff_0|Q" in design
Warning (201007): Can't find port "RegisterFile:reg_file|Register:r0|d_flip_flop:ff_1|Q" in design
Warning (201007): Can't find port "RegisterFile:reg_file|Register:r0|d_flip_flop:ff_2|Q" in design
Warning (201007): Can't find port "RegisterFile:reg_file|Register:r0|d_flip_flop:ff_3|Q" in design
Warning (201007): Can't find port "RegisterFile:reg_file|Register:r0|d_flip_flop:ff_4|Q" in design
Warning (201007): Can't find port "RegisterFile:reg_file|Register:r0|d_flip_flop:ff_5|Q" in design
Warning (201007): Can't find port "RegisterFile:reg_file|Register:r0|d_flip_flop:ff_6|Q" in design
Warning (201007): Can't find port "RegisterFile:reg_file|Register:r0|d_flip_flop:ff_7|Q" in design
Warning (201007): Can't find port "RegisterFile:reg_file|Register:r0|d_flip_flop:ff_9|Q" in design
Warning (201007): Can't find port "RegisterFile:reg_file|Register:r0|d_flip_flop:ff_10|Q" in design
Warning (201007): Can't find port "RegisterFile:reg_file|Register:r0|d_flip_flop:ff_11|Q" in design
Warning (201007): Can't find port "RegisterFile:reg_file|Register:r0|d_flip_flop:ff_12|Q" in design
Warning (201007): Can't find port "RegisterFile:reg_file|Register:r0|d_flip_flop:ff_13|Q" in design
Warning (201007): Can't find port "RegisterFile:reg_file|Register:r0|d_flip_flop:ff_14|Q" in design
Warning (201007): Can't find port "RegisterFile:reg_file|Register:r0|d_flip_flop:ff_15|Q" in design
Info (201000): Generated Verilog Test Bench File C:/Users/USER1/Digital Logic/LC-3/simulation/modelsim/Waveform1.vwf.vt for simulation
Info: Quartus Prime EDA Netlist Writer was successful. 0 errors, 124 warnings
    Info: Peak virtual memory: 4644 megabytes
    Info: Processing ended: Fri Feb 22 10:52:02 2019
    Info: Elapsed time: 00:00:01
    Info: Total CPU time (on all processors): 00:00:01


