------------------------------------------------------------
Timing Analyzer Summary
------------------------------------------------------------

Type  : Slow 1200mV 85C Model Setup 'clk'
Slack : -9.604
TNS   : -3606.028

Type  : Slow 1200mV 85C Model Setup 'clk_direct'
Slack : -2.089
TNS   : -218.196

Type  : Slow 1200mV 85C Model Setup 'clk_r'
Slack : -1.959
TNS   : -27.826

Type  : Slow 1200mV 85C Model Hold 'clk'
Slack : 0.403
TNS   : 0.000

Type  : Slow 1200mV 85C Model Hold 'clk_direct'
Slack : 1.068
TNS   : 0.000

Type  : Slow 1200mV 85C Model Hold 'clk_r'
Slack : 1.176
TNS   : 0.000

Type  : Slow 1200mV 85C Model Minimum Pulse Width 'clk'
Slack : -3.000
TNS   : -1359.647

Type  : Slow 1200mV 85C Model Minimum Pulse Width 'clk_direct'
Slack : -3.000
TNS   : -1040.967

Type  : Slow 1200mV 85C Model Minimum Pulse Width 'clk_r'
Slack : -3.000
TNS   : -23.560

Type  : Slow 1200mV 0C Model Setup 'clk'
Slack : -8.734
TNS   : -3261.194

Type  : Slow 1200mV 0C Model Setup 'clk_direct'
Slack : -1.866
TNS   : -192.295

Type  : Slow 1200mV 0C Model Setup 'clk_r'
Slack : -1.732
TNS   : -24.222

Type  : Slow 1200mV 0C Model Hold 'clk'
Slack : 0.354
TNS   : 0.000

Type  : Slow 1200mV 0C Model Hold 'clk_direct'
Slack : 0.972
TNS   : 0.000

Type  : Slow 1200mV 0C Model Hold 'clk_r'
Slack : 1.077
TNS   : 0.000

Type  : Slow 1200mV 0C Model Minimum Pulse Width 'clk'
Slack : -3.000
TNS   : -1342.751

Type  : Slow 1200mV 0C Model Minimum Pulse Width 'clk_direct'
Slack : -3.000
TNS   : -1024.071

Type  : Slow 1200mV 0C Model Minimum Pulse Width 'clk_r'
Slack : -3.000
TNS   : -23.560

Type  : Fast 1200mV 0C Model Setup 'clk'
Slack : -4.419
TNS   : -1810.860

Type  : Fast 1200mV 0C Model Setup 'clk_r'
Slack : -1.131
TNS   : -16.187

Type  : Fast 1200mV 0C Model Setup 'clk_direct'
Slack : -0.716
TNS   : -60.863

Type  : Fast 1200mV 0C Model Hold 'clk'
Slack : 0.181
TNS   : 0.000

Type  : Fast 1200mV 0C Model Hold 'clk_direct'
Slack : 0.491
TNS   : 0.000

Type  : Fast 1200mV 0C Model Hold 'clk_r'
Slack : 1.129
TNS   : 0.000

Type  : Fast 1200mV 0C Model Minimum Pulse Width 'clk'
Slack : -3.000
TNS   : -710.521

Type  : Fast 1200mV 0C Model Minimum Pulse Width 'clk_direct'
Slack : -3.000
TNS   : -436.940

Type  : Fast 1200mV 0C Model Minimum Pulse Width 'clk_r'
Slack : -3.000
TNS   : -20.364

------------------------------------------------------------
