------------------------------------------------------------
Timing Analyzer Summary
------------------------------------------------------------

Type  : Slow 1200mV 85C Model Setup 'LC3Control:FSM|enaALU'
Slack : -9.443
TNS   : -140.993

Type  : Slow 1200mV 85C Model Setup 'clk'
Slack : -3.611
TNS   : -527.710

Type  : Slow 1200mV 85C Model Hold 'clk'
Slack : 0.171
TNS   : 0.000

Type  : Slow 1200mV 85C Model Hold 'LC3Control:FSM|enaALU'
Slack : 0.270
TNS   : 0.000

Type  : Slow 1200mV 85C Model Minimum Pulse Width 'clk'
Slack : -3.000
TNS   : -349.717

Type  : Slow 1200mV 85C Model Minimum Pulse Width 'LC3Control:FSM|enaALU'
Slack : 0.445
TNS   : 0.000

Type  : Slow 1200mV 0C Model Setup 'LC3Control:FSM|enaALU'
Slack : -8.776
TNS   : -130.551

Type  : Slow 1200mV 0C Model Setup 'clk'
Slack : -3.305
TNS   : -471.286

Type  : Slow 1200mV 0C Model Hold 'clk'
Slack : 0.236
TNS   : 0.000

Type  : Slow 1200mV 0C Model Hold 'LC3Control:FSM|enaALU'
Slack : 0.331
TNS   : 0.000

Type  : Slow 1200mV 0C Model Minimum Pulse Width 'clk'
Slack : -3.000
TNS   : -348.881

Type  : Slow 1200mV 0C Model Minimum Pulse Width 'LC3Control:FSM|enaALU'
Slack : 0.414
TNS   : 0.000

Type  : Fast 1200mV 0C Model Setup 'LC3Control:FSM|enaALU'
Slack : -4.461
TNS   : -66.242

Type  : Fast 1200mV 0C Model Setup 'clk'
Slack : -1.915
TNS   : -136.321

Type  : Fast 1200mV 0C Model Hold 'clk'
Slack : -0.154
TNS   : -0.298

Type  : Fast 1200mV 0C Model Hold 'LC3Control:FSM|enaALU'
Slack : -0.075
TNS   : -0.075

Type  : Fast 1200mV 0C Model Minimum Pulse Width 'clk'
Slack : -3.000
TNS   : -276.568

Type  : Fast 1200mV 0C Model Minimum Pulse Width 'LC3Control:FSM|enaALU'
Slack : 0.420
TNS   : 0.000

------------------------------------------------------------
